// Jest Snapshot v1, https://goo.gl/fbAQLP

exports[`MessageList.test.js has the expected html structure 1`] = `
<ul>
  <li
    class="message"
    style="padding-top: 10px;"
  >
    Cat
  </li>
</ul>
`;
